// Jest Snapshot v1, https://goo.gl/fbAQLP

exports[`CardSkeleton Component should render a cardSkeleton 1`] = `
{
  "asFragment": [Function],
  "baseElement": <body>
    <div>
      <div
        class="list"
      >
        <div
          class="skeleton"
          style="animation-delay: 0s;"
        />
        <div
          class="skeleton"
          style="animation-delay: 0.1s;"
        />
        <div
          class="skeleton"
          style="animation-delay: 0.2s;"
        />
        <div
          class="skeleton"
          style="animation-delay: 0.3s;"
        />
        <div
          class="skeleton"
          style="animation-delay: 0.4s;"
        />
        <div
          class="skeleton"
          style="animation-delay: 0.5s;"
        />
        <div
          class="skeleton"
          style="animation-delay: 0.6s;"
        />
        <div
          class="skeleton"
          style="animation-delay: 0.7s;"
        />
        <div
          class="skeleton"
          style="animation-delay: 0.8s;"
        />
        <div
          class="skeleton"
          style="animation-delay: 0.9s;"
        />
        <div
          class="skeleton"
          style="animation-delay: 1s;"
        />
        <div
          class="skeleton"
          style="animation-delay: 1.1s;"
        />
        <div
          class="skeleton"
          style="animation-delay: 1.2s;"
        />
        <div
          class="skeleton"
          style="animation-delay: 1.3s;"
        />
        <div
          class="skeleton"
          style="animation-delay: 1.4s;"
        />
        <div
          class="skeleton"
          style="animation-delay: 1.5s;"
        />
        <div
          class="skeleton"
          style="animation-delay: 1.6s;"
        />
        <div
          class="skeleton"
          style="animation-delay: 1.7s;"
        />
        <div
          class="skeleton"
          style="animation-delay: 1.8s;"
        />
        <div
          class="skeleton"
          style="animation-delay: 1.9s;"
        />
      </div>
    </div>
  </body>,
  "container": <div>
    <div
      class="list"
    >
      <div
        class="skeleton"
        style="animation-delay: 0s;"
      />
      <div
        class="skeleton"
        style="animation-delay: 0.1s;"
      />
      <div
        class="skeleton"
        style="animation-delay: 0.2s;"
      />
      <div
        class="skeleton"
        style="animation-delay: 0.3s;"
      />
      <div
        class="skeleton"
        style="animation-delay: 0.4s;"
      />
      <div
        class="skeleton"
        style="animation-delay: 0.5s;"
      />
      <div
        class="skeleton"
        style="animation-delay: 0.6s;"
      />
      <div
        class="skeleton"
        style="animation-delay: 0.7s;"
      />
      <div
        class="skeleton"
        style="animation-delay: 0.8s;"
      />
      <div
        class="skeleton"
        style="animation-delay: 0.9s;"
      />
      <div
        class="skeleton"
        style="animation-delay: 1s;"
      />
      <div
        class="skeleton"
        style="animation-delay: 1.1s;"
      />
      <div
        class="skeleton"
        style="animation-delay: 1.2s;"
      />
      <div
        class="skeleton"
        style="animation-delay: 1.3s;"
      />
      <div
        class="skeleton"
        style="animation-delay: 1.4s;"
      />
      <div
        class="skeleton"
        style="animation-delay: 1.5s;"
      />
      <div
        class="skeleton"
        style="animation-delay: 1.6s;"
      />
      <div
        class="skeleton"
        style="animation-delay: 1.7s;"
      />
      <div
        class="skeleton"
        style="animation-delay: 1.8s;"
      />
      <div
        class="skeleton"
        style="animation-delay: 1.9s;"
      />
    </div>
  </div>,
  "debug": [Function],
  "findAllByAltText": [Function],
  "findAllByDisplayValue": [Function],
  "findAllByLabelText": [Function],
  "findAllByPlaceholderText": [Function],
  "findAllByRole": [Function],
  "findAllByTestId": [Function],
  "findAllByText": [Function],
  "findAllByTitle": [Function],
  "findByAltText": [Function],
  "findByDisplayValue": [Function],
  "findByLabelText": [Function],
  "findByPlaceholderText": [Function],
  "findByRole": [Function],
  "findByTestId": [Function],
  "findByText": [Function],
  "findByTitle": [Function],
  "getAllByAltText": [Function],
  "getAllByDisplayValue": [Function],
  "getAllByLabelText": [Function],
  "getAllByPlaceholderText": [Function],
  "getAllByRole": [Function],
  "getAllByTestId": [Function],
  "getAllByText": [Function],
  "getAllByTitle": [Function],
  "getByAltText": [Function],
  "getByDisplayValue": [Function],
  "getByLabelText": [Function],
  "getByPlaceholderText": [Function],
  "getByRole": [Function],
  "getByTestId": [Function],
  "getByText": [Function],
  "getByTitle": [Function],
  "queryAllByAltText": [Function],
  "queryAllByDisplayValue": [Function],
  "queryAllByLabelText": [Function],
  "queryAllByPlaceholderText": [Function],
  "queryAllByRole": [Function],
  "queryAllByTestId": [Function],
  "queryAllByText": [Function],
  "queryAllByTitle": [Function],
  "queryByAltText": [Function],
  "queryByDisplayValue": [Function],
  "queryByLabelText": [Function],
  "queryByPlaceholderText": [Function],
  "queryByRole": [Function],
  "queryByTestId": [Function],
  "queryByText": [Function],
  "queryByTitle": [Function],
  "rerender": [Function],
  "unmount": [Function],
}
`;
